Do not run Composer as root/super user! See https://getcomposer.org/root for details
Installing dependencies from lock file
Verifying lock file contents can be installed on current platform.
Package operations: 80 installs, 0 updates, 0 removals
  - Downloading doctrine/inflector (2.1.0)
  - Downloading doctrine/lexer (3.0.1)
  - Downloading dragonmantank/cron-expression (v3.6.0)
  - Downloading symfony/polyfill-mbstring (v1.33.0)
  - Downloading symfony/deprecation-contracts (v3.6.0)
  - Downloading symfony/http-foundation (v7.4.13)
  - Downloading fruitcake/php-cors (v1.4.0)
  - Downloading guzzlehttp/promises (2.5.2)
  - Downloading symfony/polyfill-php80 (v1.33.0)
  - Downloading ralouphie/getallheaders (3.0.3)
  - Downloading psr/http-message (2.0)
  - Downloading psr/http-factory (1.1.0)
  - Downloading guzzlehttp/psr7 (2.13.0)
  - Downloading guzzlehttp/uri-template (v1.0.5)
  - Downloading symfony/polyfill-intl-normalizer (v1.33.0)
  - Downloading symfony/polyfill-intl-grapheme (v1.33.0)
  - Downloading symfony/polyfill-ctype (v1.33.0)
  - Downloading symfony/string (v7.4.0)
  - Downloading psr/container (2.0.2)
  - Downloading symfony/service-contracts (v3.6.1)
  - Downloading symfony/console (v7.4.3)
  - Downloading laravel/prompts (v0.3.8)
  - Downloading laravel/serializable-closure (v2.0.7)
  - Downloading symfony/var-dumper (v7.4.3)
  - Downloading nikic/php-parser (v5.7.0)
  - Downloading psy/psysh (v0.12.19)
  - Downloading voku/portable-ascii (2.0.3)
  - Downloading phpoption/phpoption (1.9.5)
  - Downloading graham-campbell/result-type (v1.1.4)
  - Downloading vlucas/phpdotenv (v5.6.3)
  - Downloading symfony/css-selector (v7.4.0)
  - Downloading tijsverkoyen/css-to-inline-styles (v2.4.0)
  - Downloading symfony/polyfill-uuid (v1.33.0)
  - Downloading symfony/uid (v7.4.0)
  - Downloading symfony/routing (v7.4.13)
  - Downloading symfony/process (v7.4.5)
  - Downloading symfony/polyfill-php85 (v1.41.0)
  - Downloading symfony/polyfill-php84 (v1.38.1)
  - Downloading symfony/polyfill-php83 (v1.33.0)
  - Downloading symfony/polyfill-intl-idn (v1.38.1)
  - Downloading symfony/mime (v7.4.12)
  - Downloading psr/event-dispatcher (1.0.0)
  - Downloading symfony/event-dispatcher-contracts (v3.6.0)
  - Downloading symfony/event-dispatcher (v7.4.0)
  - Downloading psr/log (3.0.2)
  - Downloading egulias/email-validator (4.0.4)
  - Downloading symfony/mailer (v7.4.12)
  - Downloading symfony/error-handler (v7.4.0)
  - Downloading symfony/http-kernel (v7.4.12)
  - Downloading symfony/finder (v7.4.3)
  - Downloading ramsey/collection (2.1.1)
  - Downloading brick/math (0.14.1)
  - Downloading ramsey/uuid (4.9.2)
  - Downloading psr/simple-cache (3.0.0)
  - Downloading nunomaduro/termwind (v2.3.3)
  - Downloading symfony/translation-contracts (v3.6.1)
  - Downloading symfony/translation (v7.4.3)
  - Downloading psr/clock (1.0.0)
  - Downloading symfony/clock (v7.4.0)
  - Downloading carbonphp/carbon-doctrine-types (3.2.0)
  - Downloading nesbot/carbon (3.11.0)
  - Downloading monolog/monolog (3.10.0)
  - Downloading league/uri-interfaces (7.7.0)
  - Downloading league/uri (7.7.0)
  - Downloading league/mime-type-detection (1.16.0)
  - Downloading league/flysystem-local (3.35.3)
  - Downloading league/flysystem (3.35.3)
  - Downloading nette/utils (v4.1.1)
  - Downloading nette/schema (v1.3.3)
  - Downloading dflydev/dot-access-data (v3.0.3)
  - Downloading league/config (v1.2.0)
  - Downloading league/commonmark (2.10.2)
  - Downloading psr/http-client (1.0.3)
  - Downloading guzzlehttp/guzzle (7.15.2)
  - Downloading laravel/framework (v12.69.1)
  - Downloading laravel/tinker (v2.11.0)
  - Downloading resend/resend-php (v1.1.0)
  - Downloading graham-campbell/guzzle-factory (v7.0.2)
  - Downloading spatie/dropbox-api (1.23.0)
  - Downloading stripe/stripe-php (v16.6.0)
  - Installing doctrine/inflector (2.1.0): Extracting archive
  - Installing doctrine/lexer (3.0.1): Extracting archive
  - Installing dragonmantank/cron-expression (v3.6.0): Extracting archive
  - Installing symfony/polyfill-mbstring (v1.33.0): Extracting archive
  - Installing symfony/deprecation-contracts (v3.6.0): Extracting archive
  - Installing symfony/http-foundation (v7.4.13): Extracting archive
  - Installing fruitcake/php-cors (v1.4.0): Extracting archive
  - Installing guzzlehttp/promises (2.5.2): Extracting archive
  - Installing symfony/polyfill-php80 (v1.33.0): Extracting archive
  - Installing ralouphie/getallheaders (3.0.3): Extracting archive
  - Installing psr/http-message (2.0): Extracting archive
  - Installing psr/http-factory (1.1.0): Extracting archive
  - Installing guzzlehttp/psr7 (2.13.0): Extracting archive
  - Installing guzzlehttp/uri-template (v1.0.5): Extracting archive
  - Installing symfony/polyfill-intl-normalizer (v1.33.0): Extracting archive
  - Installing symfony/polyfill-intl-grapheme (v1.33.0): Extracting archive
  - Installing symfony/polyfill-ctype (v1.33.0): Extracting archive
  - Installing symfony/string (v7.4.0): Extracting archive
  - Installing psr/container (2.0.2): Extracting archive
  - Installing symfony/service-contracts (v3.6.1): Extracting archive
  - Installing symfony/console (v7.4.3): Extracting archive
  - Installing laravel/prompts (v0.3.8): Extracting archive
  - Installing laravel/serializable-closure (v2.0.7): Extracting archive
  - Installing symfony/var-dumper (v7.4.3): Extracting archive
  - Installing nikic/php-parser (v5.7.0): Extracting archive
  - Installing psy/psysh (v0.12.19): Extracting archive
  - Installing voku/portable-ascii (2.0.3): Extracting archive
  - Installing phpoption/phpoption (1.9.5): Extracting archive
  - Installing graham-campbell/result-type (v1.1.4): Extracting archive
  - Installing vlucas/phpdotenv (v5.6.3): Extracting archive
  - Installing symfony/css-selector (v7.4.0): Extracting archive
  - Installing tijsverkoyen/css-to-inline-styles (v2.4.0): Extracting archive
  - Installing symfony/polyfill-uuid (v1.33.0): Extracting archive
  - Installing symfony/uid (v7.4.0): Extracting archive
  - Installing symfony/routing (v7.4.13): Extracting archive
  - Installing symfony/process (v7.4.5): Extracting archive
  - Installing symfony/polyfill-php85 (v1.41.0): Extracting archive
  - Installing symfony/polyfill-php84 (v1.38.1): Extracting archive
  - Installing symfony/polyfill-php83 (v1.33.0): Extracting archive
  - Installing symfony/polyfill-intl-idn (v1.38.1): Extracting archive
  - Installing symfony/mime (v7.4.12): Extracting archive
  - Installing psr/event-dispatcher (1.0.0): Extracting archive
  - Installing symfony/event-dispatcher-contracts (v3.6.0): Extracting archive
  - Installing symfony/event-dispatcher (v7.4.0): Extracting archive
  - Installing psr/log (3.0.2): Extracting archive
  - Installing egulias/email-validator (4.0.4): Extracting archive
  - Installing symfony/mailer (v7.4.12): Extracting archive
  - Installing symfony/error-handler (v7.4.0): Extracting archive
  - Installing symfony/http-kernel (v7.4.12): Extracting archive
  - Installing symfony/finder (v7.4.3): Extracting archive
  - Installing ramsey/collection (2.1.1): Extracting archive
  - Installing brick/math (0.14.1): Extracting archive
  - Installing ramsey/uuid (4.9.2): Extracting archive
  - Installing psr/simple-cache (3.0.0): Extracting archive
  - Installing nunomaduro/termwind (v2.3.3): Extracting archive
  - Installing symfony/translation-contracts (v3.6.1): Extracting archive
  - Installing symfony/translation (v7.4.3): Extracting archive
  - Installing psr/clock (1.0.0): Extracting archive
  - Installing symfony/clock (v7.4.0): Extracting archive
  - Installing carbonphp/carbon-doctrine-types (3.2.0): Extracting archive
  - Installing nesbot/carbon (3.11.0): Extracting archive
  - Installing monolog/monolog (3.10.0): Extracting archive
  - Installing league/uri-interfaces (7.7.0): Extracting archive
  - Installing league/uri (7.7.0): Extracting archive
  - Installing league/mime-type-detection (1.16.0): Extracting archive
  - Installing league/flysystem-local (3.35.3): Extracting archive
  - Installing league/flysystem (3.35.3): Extracting archive
  - Installing nette/utils (v4.1.1): Extracting archive
  - Installing nette/schema (v1.3.3): Extracting archive
  - Installing dflydev/dot-access-data (v3.0.3): Extracting archive
  - Installing league/config (v1.2.0): Extracting archive
  - Installing league/commonmark (2.10.2): Extracting archive
  - Installing psr/http-client (1.0.3): Extracting archive
  - Installing guzzlehttp/guzzle (7.15.2): Extracting archive
  - Installing laravel/framework (v12.69.1): Extracting archive
  - Installing laravel/tinker (v2.11.0): Extracting archive
  - Installing resend/resend-php (v1.1.0): Extracting archive
  - Installing graham-campbell/guzzle-factory (v7.0.2): Extracting archive
  - Installing spatie/dropbox-api (1.23.0): Extracting archive
  - Installing stripe/stripe-php (v16.6.0): Extracting archive
55 packages you are using are looking for funding.
Use the `composer fund` command to find out more!
